
> build
> next build

Ôû▓ Next.js 16.1.7 (Turbopack)
- Environments: .env

  Creating an optimized production build ...
node.exe : 
At line:1 char:1
+ & "C:\Program Files\nodejs/node.exe" 
"C:\Program Files\nodejs/node_mo ...
+ ~~~~~~~~~~~~~~~~~~~~~~~~~~~~~~~~~~~~~~~~~~~~~
~~~~~~~~~~~~~~~~~~~~~~~~
    + CategoryInfo          : NotSpecified: (: 
   String) [], RemoteException
    + FullyQualifiedErrorId : NativeCommandErr 
   or
 
> Build error occurred
Error: Turbopack build failed with 2 errors:
./proxy.ts
Proxy is missing expected function export name
This function is what Next.js runs for every 
request handled by this proxy (previously 
called middleware).

Why this happens:
- You are migrating from `middleware` to 
`proxy`, but haven't updated the exported 
function.
- The file exists but doesn't export a 
function.
- The export is not a function (e.g., an 
object or constant).
- There's a syntax error preventing the export 
from being recognized.

To fix it:
- Ensure this file has either a default or 
"proxy" function export.

Learn more: https://nextjs.org/docs/messages/mi
ddleware-to-proxy

Import trace:
  App Route:
    ./proxy.ts
    ./app/api/resources/[fileName]/route.ts


./components/analytics/OperationalPulseFeed.tsx
:5:1
Module not found: Can't resolve 'date-fns'
[0m [90m 3 |[39m [36mimport[39m { motion 
} [36mfrom[39m 
[32m"framer-motion"[39m[33m;[39m
 [90m 4 |[39m [36mimport[39m { 
[33mBookMarked[39m[33m,[39m 
[33mUserCircle[39m[33m,[39m 
[33mMoveRight[39m[33m,[39m 
[33mReceipt[39m[33m,[39m 
[33mClock[39m[33m,[39m [33mUndo2[39m } 
[36mfrom[39m 
[32m"lucide-react"[39m[33m;[39m
[31m[1m>[22m[39m[90m 5 |[39m 
[36mimport[39m { formatDistanceToNow } 
[36mfrom[39m [32m"date-fns"[39m[33m;[39m
 [90m   |[39m [31m[1m^[22m[39m[31m[1m^
[22m[39m[31m[1m^[22m[39m[31m[1m^[22m[3
9m[31m[1m^[22m[39m[31m[1m^[22m[39m[31m
[1m^[22m[39m[31m[1m^[22m[39m[31m[1m^[
22m[39m[31m[1m^[22m[39m[31m[1m^[22m[39
m[31m[1m^[22m[39m[31m[1m^[22m[39m[31m
[1m^[22m[39m[31m[1m^[22m[39m[31m[1m^[2
2m[39m[31m[1m^[22m[39m[31m[1m^[22m[39m
[31m[1m^[22m[39m[31m[1m^[22m[39m[31m[
1m^[22m[39m[31m[1m^[22m[39m[31m[1m^[22
m[39m[31m[1m^[22m[39m[31m[1m^[22m[39m
[31m[1m^[22m[39m[31m[1m^[22m[39m[31m[1
m^[22m[39m[31m[1m^[22m[39m[31m[1m^[22m
[39m[31m[1m^[22m[39m[31m[1m^[22m[39m[
31m[1m^[22m[39m[31m[1m^[22m[39m[31m[1m
^[22m[39m[31m[1m^[22m[39m[31m[1m^[22m
[39m[31m[1m^[22m[39m[31m[1m^[22m[39m[3
1m[1m^[22m[39m[31m[1m^[22m[39m[31m[1m^
[22m[39m[31m[1m^[22m[39m[31m[1m^[22m[
39m[31m[1m^[22m[39m[31m[1m^[22m[39m[31
m[1m^[22m[39m
 [90m 6 |[39m
 [90m 7 |[39m [36mexport[39m 
[36minterface[39m [33mActivityEvent[39m {
 [90m 8 |[39m   id[33m:[39m 
string[33m;[39m[0m



Import traces:
  App Route:
    
./components/analytics/OperationalPulseFeed.tsx
    ./app/api/resources/[fileName]/route.ts

  Server Component:
    
./components/analytics/OperationalPulseFeed.tsx
    ./app/protected/reports/page.tsx

https://nextjs.org/docs/messages/module-not-fou
nd


    at <unknown> (./components/analytics/Operat
ionalPulseFeed.tsx:5:1)
    at <unknown> (https://nextjs.org/docs/messa
ges/module-not-found)
