
Running 1 test using 1 worker

[1A[2K[1/1] [chromium] ÔÇ║ tests\audit-trail.spec.ts:5:7 ÔÇ║ Audit Trail ÔÇ║ Admin should be able to access Audit Trail and see logs
